BL51 BANKED LINKER/LOCATER V4.13                                                        04/24/2014  14:44:55  PAGE 1


BL51 BANKED LINKER/LOCATER V4.13, INVOKED BY:
C:\KEIL\C51\BIN\BL51.EXE test.obj TO test RAMSIZE (256)


MEMORY MODEL: SMALL WITH FLOATING POINT ARITHMETIC


INPUT MODULES INCLUDED:
  test.obj (TEST)
  C:\KEIL\C51\LIB\C51FPS.LIB (?C?FPMUL)
  C:\KEIL\C51\LIB\C51FPS.LIB (?C?CASTF)
  C:\KEIL\C51\LIB\C51FPS.LIB (?C?FPGETOPN)
  C:\KEIL\C51\LIB\C51S.LIB (?C_STARTUP)
  C:\KEIL\C51\LIB\C51S.LIB (?C?LNEG)
  C:\KEIL\C51\LIB\C51S.LIB (?C?LLDCODE)
  C:\KEIL\C51\LIB\C51S.LIB (?C_INIT)


LINK MAP OF MODULE:  test (TEST)


            TYPE    BASE      LENGTH    RELOCATION   SEGMENT NAME
            -----------------------------------------------------

            * * * * * * *   D A T A   M E M O R Y   * * * * * * *
            REG     0000H     0008H     ABSOLUTE     "REG BANK 0"
            DATA    0008H     0004H     UNIT         _DATA_GROUP_
            DATA    000CH     0001H     UNIT         ?DT?TEST
            IDATA   000DH     0001H     UNIT         ?STACK

            * * * * * * *   C O D E   M E M O R Y   * * * * * * *
            CODE    0000H     0003H     ABSOLUTE     
            CODE    0003H     0004H     UNIT         ?C_INITSEG
                    0007H     0004H                  *** GAP ***
            CODE    000BH     0003H     ABSOLUTE     
            CODE    000EH     01EBH     UNIT         ?CO?TEST
            CODE    01F9H     01A5H     UNIT         ?C?LIB_CODE
            CODE    039EH     008CH     UNIT         ?C_C51STARTUP
            CODE    042AH     006DH     UNIT         ?PR?MAIN?TEST
            CODE    0497H     0012H     UNIT         ?PR?_DELAY?TEST
            CODE    04A9H     000EH     UNIT         ?PR?INIT?TEST
            CODE    04B7H     000EH     UNIT         ?PR?_SOUND_DELAY?TEST
            CODE    04C5H     0009H     UNIT         ?PR?TIMER0?TEST



OVERLAY MAP OF MODULE:   test (TEST)


SEGMENT                          DATA_GROUP 
  +--> CALLED SEGMENT          START    LENGTH
----------------------------------------------
?C_C51STARTUP                  -----    -----
  +--> ?PR?MAIN?TEST
  +--> ?C_INITSEG

?PR?MAIN?TEST                  0008H    0004H
  +--> ?PR?INIT?TEST
BL51 BANKED LINKER/LOCATER V4.13                                                      04/24/2014  14:44:55  PAGE 2


  +--> ?CO?TEST
  +--> ?PR?_SOUND_DELAY?TEST
  +--> ?PR?_DELAY?TEST



SYMBOL TABLE OF MODULE:  test (TEST)

  VALUE           TYPE          NAME
  ----------------------------------

  -------         MODULE        TEST
  C:0000H         SYMBOL        _ICE_DUMMY_
  C:04B7H         PUBLIC        _sound_delay
  D:0090H         PUBLIC        P1
  D:00A0H         PUBLIC        P2
  D:00B0H         PUBLIC        P3
  B:00B0H.4       PUBLIC        T0
  B:00D0H.6       PUBLIC        AC
  D:000CH         PUBLIC        counter
  B:00B0H.5       PUBLIC        T1
  B:0090H.0       PUBLIC        T2
  B:00A8H.7       PUBLIC        EA
  D:00A8H         PUBLIC        IE
  B:00C8H.6       PUBLIC        EXF2
  B:00B0H.7       PUBLIC        RD
  B:00A8H.4       PUBLIC        ES
  D:00B8H         PUBLIC        IP
  B:0098H.0       PUBLIC        RI
  B:00B0H.2       PUBLIC        INT0
  B:00D0H.7       PUBLIC        CY
  B:0098H.1       PUBLIC        TI
  B:00B0H.3       PUBLIC        INT1
  B:00B8H.4       PUBLIC        PS
  B:0090H.1       PUBLIC        T2EX
  B:00D0H.2       PUBLIC        OV
  C:042AH         PUBLIC        main
  B:00C8H.1       PUBLIC        C_T2
  B:00B0H.6       PUBLIC        WR
  B:00A0H.3       PUBLIC        sound
  B:00C8H.5       PUBLIC        RCLK
  B:00C8H.4       PUBLIC        TCLK
  D:0098H         PUBLIC        SCON
  D:0089H         PUBLIC        TMOD
  D:0088H         PUBLIC        TCON
  C:04A9H         PUBLIC        init
  C:000EH         PUBLIC        tune
  B:0088H.1       PUBLIC        IE0
  B:0088H.3       PUBLIC        IE1
  B:00C8H.0       PUBLIC        CP_RL2
  B:00A8H.1       PUBLIC        ET0
  B:00A8H.3       PUBLIC        ET1
  B:0088H.5       PUBLIC        TF0
  B:00A8H.5       PUBLIC        ET2
  B:0088H.7       PUBLIC        TF1
  B:00C8H.7       PUBLIC        TF2
  B:0098H.2       PUBLIC        RB8
BL51 BANKED LINKER/LOCATER V4.13                                                      04/24/2014  14:44:55  PAGE 3


  D:008CH         PUBLIC        TH0
  B:00A8H.0       PUBLIC        EX0
  B:0088H.0       PUBLIC        IT0
  D:008DH         PUBLIC        TH1
  B:0098H.3       PUBLIC        TB8
  B:00A8H.2       PUBLIC        EX1
  B:0088H.2       PUBLIC        IT1
  B:00D0H.0       PUBLIC        P
  B:0098H.7       PUBLIC        SM0
  D:008AH         PUBLIC        TL0
  B:0098H.6       PUBLIC        SM1
  D:008BH         PUBLIC        TL1
  B:0098H.5       PUBLIC        SM2
  C:04C5H         PUBLIC        timer0
  B:00B8H.1       PUBLIC        PT0
  B:00B8H.3       PUBLIC        PT1
  B:00D0H.3       PUBLIC        RS0
  B:00B8H.5       PUBLIC        PT2
  B:0088H.4       PUBLIC        TR0
  B:00D0H.4       PUBLIC        RS1
  B:0088H.6       PUBLIC        TR1
  B:00C8H.2       PUBLIC        TR2
  B:00B8H.0       PUBLIC        PX0
  B:00B8H.2       PUBLIC        PX1
  B:00C8H.3       PUBLIC        EXEN2
  B:0098H.4       PUBLIC        REN
  D:00C8H         PUBLIC        T2CON
  C:0071H         PUBLIC        duration
  B:00B0H.0       PUBLIC        RXD
  B:00B0H.1       PUBLIC        TXD
  C:0497H         PUBLIC        _delay
  B:00D0H.5       PUBLIC        F0
  D:00D0H         PUBLIC        PSW
  -------         PROC          INIT
  C:04A9H         LINE#         93
  C:04A9H         LINE#         94
  C:04A9H         LINE#         96
  C:04ACH         LINE#         97
  C:04AFH         LINE#         98
  C:04B2H         LINE#         99
  C:04B4H         LINE#         100
  C:04B6H         LINE#         102
  -------         ENDPROC       INIT
  -------         PROC          TIMER0
  C:04C5H         LINE#         103
  C:04C5H         LINE#         105
  C:04C7H         LINE#         106
  C:04CAH         LINE#         107
  C:04CDH         LINE#         108
  -------         ENDPROC       TIMER0
  -------         PROC          _DELAY
  D:0007H         SYMBOL        n
  -------         DO            n
  D:0006H         SYMBOL        i
  -------         ENDDO         i
  C:0497H         LINE#         110
  C:0497H         LINE#         111
BL51 BANKED LINKER/LOCATER V4.13                                                      04/24/2014  14:44:55  PAGE 4


  C:0497H         LINE#         113
  C:049DH         LINE#         114
  C:04A8H         LINE#         115
  -------         ENDPROC       _DELAY
  -------         PROC          _SOUND_DELAY
  D:0007H         SYMBOL        sound_signalhigh
  D:0005H         SYMBOL        sound_signallow
  C:04B7H         LINE#         117
  C:04B7H         LINE#         118
  C:04B7H         LINE#         119
  C:04B9H         LINE#         120
  C:04BBH         LINE#         121
  C:04BDH         LINE#         122
  C:04C0H         LINE#         123
  C:04C2H         LINE#         124
  C:04C4H         LINE#         125
  -------         ENDPROC       _SOUND_DELAY
  -------         PROC          MAIN
  -------         DO            MAIN
  D:0008H         SYMBOL        k
  D:000AH         SYMBOL        sound_signalhigh
  D:000BH         SYMBOL        sound_signallow
  D:0006H         SYMBOL        sound_pace
  -------         ENDDO         sound_pace
  C:042AH         LINE#         127
  C:042AH         LINE#         128
  C:042AH         LINE#         129
  C:042FH         LINE#         132
  C:0432H         LINE#         133
  C:0432H         LINE#         134
  C:0432H         LINE#         135
  C:0437H         LINE#         136
  C:0440H         LINE#         137
  C:0440H         LINE#         138
  C:0442H         LINE#         139
  C:0444H         LINE#         140
  C:0447H         LINE#         142
  C:046FH         LINE#         143
  C:0477H         LINE#         144
  C:0479H         LINE#         146
  C:047EH         LINE#         147
  C:047EH         LINE#         148
  C:0480H         LINE#         149
  C:0487H         LINE#         150
  C:0489H         LINE#         151
  C:048CH         LINE#         152
  C:048EH         LINE#         153
  C:0490H         LINE#         154
  C:0495H         LINE#         155
  -------         ENDPROC       MAIN
  -------         ENDMOD        TEST

  -------         MODULE        ?C?FPMUL
  C:01F9H         PUBLIC        ?C?FPMUL
  -------         ENDMOD        ?C?FPMUL

  -------         MODULE        ?C?CASTF
BL51 BANKED LINKER/LOCATER V4.13                                                      04/24/2014  14:44:55  PAGE 5


  C:02FFH         PUBLIC        ?C?CASTF
  -------         ENDMOD        ?C?CASTF

  -------         MODULE        ?C?LNEG
  C:0380H         PUBLIC        ?C?LNEG
  -------         ENDMOD        ?C?LNEG

  -------         MODULE        ?C?LLDCODE
  C:038EH         PUBLIC        ?C?LLDCODE
  -------         ENDMOD        ?C?LLDCODE

LINK/LOCATE RUN COMPLETE.  0 WARNING(S),  0 ERROR(S)
