BL51 BANKED LINKER/LOCATER V4.13                                                        10/09/2013  21:27:49  PAGE 1


BL51 BANKED LINKER/LOCATER V4.13, INVOKED BY:
C:\KEIL\C51\BIN\BL51.EXE test.obj TO test RAMSIZE (256)


MEMORY MODEL: SMALL


INPUT MODULES INCLUDED:
  test.obj (TEST)
  C:\KEIL\C51\LIB\C51S.LIB (?C_STARTUP)


LINK MAP OF MODULE:  test (TEST)


            TYPE    BASE      LENGTH    RELOCATION   SEGMENT NAME
            -----------------------------------------------------

            * * * * * * *   D A T A   M E M O R Y   * * * * * * *
            REG     0000H     0008H     ABSOLUTE     "REG BANK 0"
            IDATA   0008H     0001H     UNIT         ?STACK

            * * * * * * *   C O D E   M E M O R Y   * * * * * * *
            CODE    0000H     0003H     ABSOLUTE     
            CODE    0003H     0021H     UNIT         ?PR?MAIN?TEST
            CODE    0024H     001EH     UNIT         ?PR?_DELAY?TEST
            CODE    0042H     000CH     UNIT         ?C_C51STARTUP
            CODE    004EH     0007H     UNIT         ?PR?START?TEST
            CODE    0055H     0004H     UNIT         ?PR?INIT?TEST



OVERLAY MAP OF MODULE:   test (TEST)


SEGMENT
  +--> CALLED SEGMENT
---------------------
?C_C51STARTUP
  +--> ?PR?MAIN?TEST

?PR?MAIN?TEST
  +--> ?PR?INIT?TEST
  +--> ?PR?START?TEST
  +--> ?PR?_DELAY?TEST



SYMBOL TABLE OF MODULE:  test (TEST)

  VALUE           TYPE          NAME
  ----------------------------------

  -------         MODULE        TEST
  C:0000H         SYMBOL        _ICE_DUMMY_
  D:0080H         PUBLIC        P0
  D:0090H         PUBLIC        P1
  D:00B0H         PUBLIC        P3
BL51 BANKED LINKER/LOCATER V4.13                                                      10/09/2013  21:27:49  PAGE 2


  B:00B0H.4       PUBLIC        T0
  B:00D0H.6       PUBLIC        AC
  B:00B0H.5       PUBLIC        T1
  B:0090H.0       PUBLIC        T2
  B:00A8H.7       PUBLIC        EA
  D:00A8H         PUBLIC        IE
  B:00C8H.6       PUBLIC        EXF2
  B:00B0H.7       PUBLIC        RD
  B:00A8H.4       PUBLIC        ES
  D:00B8H         PUBLIC        IP
  B:0098H.0       PUBLIC        RI
  B:00B0H.2       PUBLIC        INT0
  B:00D0H.7       PUBLIC        CY
  B:0098H.1       PUBLIC        TI
  B:00B0H.3       PUBLIC        INT1
  B:00B8H.4       PUBLIC        PS
  B:0090H.1       PUBLIC        T2EX
  B:00D0H.2       PUBLIC        OV
  C:0003H         PUBLIC        main
  B:00C8H.1       PUBLIC        C_T2
  B:00B0H.6       PUBLIC        WR
  B:00C8H.5       PUBLIC        RCLK
  B:00C8H.4       PUBLIC        TCLK
  C:004EH         PUBLIC        start
  D:0098H         PUBLIC        SCON
  D:0088H         PUBLIC        TCON
  C:0055H         PUBLIC        init
  B:0088H.1       PUBLIC        IE0
  B:0088H.3       PUBLIC        IE1
  B:00C8H.0       PUBLIC        CP_RL2
  B:00A8H.1       PUBLIC        ET0
  B:00A8H.3       PUBLIC        ET1
  B:0088H.5       PUBLIC        TF0
  B:00A8H.5       PUBLIC        ET2
  B:0088H.7       PUBLIC        TF1
  B:00C8H.7       PUBLIC        TF2
  B:0098H.2       PUBLIC        RB8
  B:00A8H.0       PUBLIC        EX0
  B:0088H.0       PUBLIC        IT0
  B:0098H.3       PUBLIC        TB8
  B:00A8H.2       PUBLIC        EX1
  B:0088H.2       PUBLIC        IT1
  B:00D0H.0       PUBLIC        P
  B:0098H.7       PUBLIC        SM0
  B:0098H.6       PUBLIC        SM1
  B:0098H.5       PUBLIC        SM2
  B:00B8H.1       PUBLIC        PT0
  B:00B8H.3       PUBLIC        PT1
  B:00D0H.3       PUBLIC        RS0
  B:00B0H.7       PUBLIC        rd
  B:00B8H.5       PUBLIC        PT2
  B:0088H.4       PUBLIC        TR0
  B:00D0H.4       PUBLIC        RS1
  B:0088H.6       PUBLIC        TR1
  B:00C8H.2       PUBLIC        TR2
  B:00B8H.0       PUBLIC        PX0
  B:00B8H.2       PUBLIC        PX1
BL51 BANKED LINKER/LOCATER V4.13                                                      10/09/2013  21:27:49  PAGE 3


  B:00C8H.3       PUBLIC        EXEN2
  B:0098H.4       PUBLIC        REN
  D:00C8H         PUBLIC        T2CON
  B:00B0H.6       PUBLIC        wr
  B:00B0H.0       PUBLIC        RXD
  B:00B0H.1       PUBLIC        TXD
  C:0024H         PUBLIC        _delay
  B:00D0H.5       PUBLIC        F0
  D:00D0H         PUBLIC        PSW
  -------         PROC          _DELAY
  D:0006H         SYMBOL        z
  -------         DO            z
  D:0006H         SYMBOL        t1
  D:0004H         SYMBOL        y
  -------         ENDDO         y
  C:0024H         LINE#         6
  C:0024H         LINE#         7
  C:0024H         LINE#         9
  C:002DH         LINE#         10
  C:0041H         LINE#         11
  -------         ENDPROC       _DELAY
  -------         PROC          MAIN
  C:0003H         LINE#         14
  C:0003H         LINE#         15
  C:0003H         LINE#         16
  C:0006H         LINE#         17
  C:0006H         LINE#         18
  C:0006H         LINE#         19
  C:0009H         LINE#         20
  C:0010H         LINE#         21
  C:0012H         LINE#         22
  C:0019H         LINE#         23
  C:001BH         LINE#         24
  C:0022H         LINE#         25
  -------         ENDPROC       MAIN
  -------         PROC          INIT
  C:0055H         LINE#         28
  C:0055H         LINE#         29
  C:0055H         LINE#         30
  C:0058H         LINE#         31
  -------         ENDPROC       INIT
  -------         PROC          START
  C:004EH         LINE#         32
  C:004EH         LINE#         33
  C:004EH         LINE#         34
  C:0050H         LINE#         35
  C:0052H         LINE#         36
  C:0054H         LINE#         37
  -------         ENDPROC       START
  -------         ENDMOD        TEST

LINK/LOCATE RUN COMPLETE.  0 WARNING(S),  0 ERROR(S)
