BL51 BANKED LINKER/LOCATER V4.13                                                        04/24/2014  13:09:03  PAGE 1


BL51 BANKED LINKER/LOCATER V4.13, INVOKED BY:
C:\KEIL\C51\BIN\BL51.EXE test.obj TO test RAMSIZE (256)


MEMORY MODEL: SMALL WITH FLOATING POINT ARITHMETIC


INPUT MODULES INCLUDED:
  test.obj (TEST)
  C:\KEIL\C51\LIB\C51FPS.LIB (?C?FPMUL)
  C:\KEIL\C51\LIB\C51FPS.LIB (?C?CASTF)
  C:\KEIL\C51\LIB\C51FPS.LIB (?C?FPGETOPN)
  C:\KEIL\C51\LIB\C51S.LIB (?C_STARTUP)
  C:\KEIL\C51\LIB\C51S.LIB (?C?LNEG)
  C:\KEIL\C51\LIB\C51S.LIB (?C?LLDCODE)
  C:\KEIL\C51\LIB\C51S.LIB (?C_INIT)


LINK MAP OF MODULE:  test (TEST)


            TYPE    BASE      LENGTH    RELOCATION   SEGMENT NAME
            -----------------------------------------------------

            * * * * * * *   D A T A   M E M O R Y   * * * * * * *
            REG     0000H     0008H     ABSOLUTE     "REG BANK 0"
            DATA    0008H     0004H     UNIT         _DATA_GROUP_
            DATA    000CH     0002H     UNIT         ?DT?TEST
            IDATA   000EH     0001H     UNIT         ?STACK

            * * * * * * *   C O D E   M E M O R Y   * * * * * * *
            CODE    0000H     0003H     ABSOLUTE     
            CODE    0003H     0005H     UNIT         ?C_INITSEG
                    0008H     0003H                  *** GAP ***
            CODE    000BH     0003H     ABSOLUTE     
            CODE    000EH     01A5H     UNIT         ?C?LIB_CODE
            CODE    01B3H     0154H     UNIT         ?CO?TEST
            CODE    0307H     008CH     UNIT         ?C_C51STARTUP
            CODE    0393H     0071H     UNIT         ?PR?MAIN?TEST
            CODE    0404H     0013H     UNIT         ?PR?TIMER0?TEST
            CODE    0417H     0012H     UNIT         ?PR?_DELAY?TEST
            CODE    0429H     000EH     UNIT         ?PR?INIT?TEST
            CODE    0437H     000EH     UNIT         ?PR?_SOUND_DELAY?TEST



OVERLAY MAP OF MODULE:   test (TEST)


SEGMENT                          DATA_GROUP 
  +--> CALLED SEGMENT          START    LENGTH
----------------------------------------------
?C_C51STARTUP                  -----    -----
  +--> ?PR?MAIN?TEST
  +--> ?C_INITSEG

?PR?MAIN?TEST                  0008H    0004H
  +--> ?PR?INIT?TEST
BL51 BANKED LINKER/LOCATER V4.13                                                      04/24/2014  13:09:03  PAGE 2


  +--> ?CO?TEST
  +--> ?PR?_SOUND_DELAY?TEST
  +--> ?PR?_DELAY?TEST



SYMBOL TABLE OF MODULE:  test (TEST)

  VALUE           TYPE          NAME
  ----------------------------------

  -------         MODULE        TEST
  C:0000H         SYMBOL        _ICE_DUMMY_
  C:0437H         PUBLIC        _sound_delay
  D:0090H         PUBLIC        P1
  D:00A0H         PUBLIC        P2
  D:00B0H         PUBLIC        P3
  B:00B0H.4       PUBLIC        T0
  B:00D0H.6       PUBLIC        AC
  D:000CH         PUBLIC        counter
  B:00B0H.5       PUBLIC        T1
  B:0090H.0       PUBLIC        T2
  B:00A8H.7       PUBLIC        EA
  D:00A8H         PUBLIC        IE
  B:00C8H.6       PUBLIC        EXF2
  B:00B0H.7       PUBLIC        RD
  B:00A8H.4       PUBLIC        ES
  D:00B8H         PUBLIC        IP
  B:0098H.0       PUBLIC        RI
  B:00B0H.2       PUBLIC        INT0
  B:00D0H.7       PUBLIC        CY
  B:0098H.1       PUBLIC        TI
  B:00B0H.3       PUBLIC        INT1
  B:00B8H.4       PUBLIC        PS
  B:0090H.1       PUBLIC        T2EX
  B:00D0H.2       PUBLIC        OV
  C:0393H         PUBLIC        main
  B:00C8H.1       PUBLIC        C_T2
  B:00B0H.6       PUBLIC        WR
  B:00A0H.3       PUBLIC        sound
  B:00C8H.5       PUBLIC        RCLK
  B:00C8H.4       PUBLIC        TCLK
  D:0098H         PUBLIC        SCON
  D:0089H         PUBLIC        TMOD
  D:0088H         PUBLIC        TCON
  C:0429H         PUBLIC        init
  C:01B3H         PUBLIC        tune
  B:0088H.1       PUBLIC        IE0
  B:0088H.3       PUBLIC        IE1
  B:00C8H.0       PUBLIC        CP_RL2
  B:00A8H.1       PUBLIC        ET0
  B:00A8H.3       PUBLIC        ET1
  B:0088H.5       PUBLIC        TF0
  B:00A8H.5       PUBLIC        ET2
  B:0088H.7       PUBLIC        TF1
  B:00C8H.7       PUBLIC        TF2
  B:0098H.2       PUBLIC        RB8
BL51 BANKED LINKER/LOCATER V4.13                                                      04/24/2014  13:09:03  PAGE 3


  D:008CH         PUBLIC        TH0
  B:00A8H.0       PUBLIC        EX0
  B:0088H.0       PUBLIC        IT0
  D:008DH         PUBLIC        TH1
  B:0098H.3       PUBLIC        TB8
  B:00A8H.2       PUBLIC        EX1
  B:0088H.2       PUBLIC        IT1
  B:00D0H.0       PUBLIC        P
  B:0098H.7       PUBLIC        SM0
  D:008AH         PUBLIC        TL0
  B:0098H.6       PUBLIC        SM1
  D:008BH         PUBLIC        TL1
  B:0098H.5       PUBLIC        SM2
  C:0404H         PUBLIC        timer0
  B:00B8H.1       PUBLIC        PT0
  B:00B8H.3       PUBLIC        PT1
  B:00D0H.3       PUBLIC        RS0
  B:00B8H.5       PUBLIC        PT2
  B:0088H.4       PUBLIC        TR0
  B:00D0H.4       PUBLIC        RS1
  B:0088H.6       PUBLIC        TR1
  B:00C8H.2       PUBLIC        TR2
  B:00B8H.0       PUBLIC        PX0
  B:00B8H.2       PUBLIC        PX1
  B:00C8H.3       PUBLIC        EXEN2
  B:0098H.4       PUBLIC        REN
  D:00C8H         PUBLIC        T2CON
  C:01F7H         PUBLIC        duration
  B:00B0H.0       PUBLIC        RXD
  B:00B0H.1       PUBLIC        TXD
  C:0417H         PUBLIC        _delay
  B:00D0H.5       PUBLIC        F0
  D:00D0H         PUBLIC        PSW
  -------         PROC          INIT
  C:0429H         LINE#         140
  C:0429H         LINE#         141
  C:0429H         LINE#         142
  C:042CH         LINE#         143
  C:042FH         LINE#         144
  C:0432H         LINE#         145
  C:0434H         LINE#         146
  C:0436H         LINE#         147
  -------         ENDPROC       INIT
  -------         PROC          TIMER0
  C:0404H         LINE#         149
  C:0406H         LINE#         151
  C:040EH         LINE#         152
  C:0411H         LINE#         153
  C:0414H         LINE#         154
  -------         ENDPROC       TIMER0
  -------         PROC          _DELAY
  D:0007H         SYMBOL        n
  -------         DO            n
  D:0006H         SYMBOL        i
  -------         ENDDO         i
  C:0417H         LINE#         156
  C:0417H         LINE#         157
BL51 BANKED LINKER/LOCATER V4.13                                                      04/24/2014  13:09:03  PAGE 4


  C:0417H         LINE#         159
  C:041DH         LINE#         160
  C:0428H         LINE#         161
  -------         ENDPROC       _DELAY
  -------         PROC          _SOUND_DELAY
  D:0007H         SYMBOL        sound_signalhigh
  D:0005H         SYMBOL        sound_signallow
  C:0437H         LINE#         163
  C:0437H         LINE#         164
  C:0437H         LINE#         165
  C:0439H         LINE#         166
  C:043BH         LINE#         167
  C:043DH         LINE#         168
  C:0440H         LINE#         169
  C:0442H         LINE#         170
  C:0444H         LINE#         171
  -------         ENDPROC       _SOUND_DELAY
  -------         PROC          MAIN
  -------         DO            MAIN
  D:0008H         SYMBOL        k
  D:000AH         SYMBOL        sound_signalhigh
  D:000BH         SYMBOL        sound_signallow
  D:0006H         SYMBOL        sound_pace
  -------         ENDDO         sound_pace
  C:0393H         LINE#         173
  C:0393H         LINE#         174
  C:0393H         LINE#         175
  C:0398H         LINE#         178
  C:039BH         LINE#         179
  C:039BH         LINE#         180
  C:039BH         LINE#         181
  C:03A0H         LINE#         182
  C:03A9H         LINE#         183
  C:03A9H         LINE#         184
  C:03ABH         LINE#         185
  C:03AEH         LINE#         187
  C:03D6H         LINE#         188
  C:03DEH         LINE#         189
  C:03E0H         LINE#         191
  C:03E9H         LINE#         192
  C:03E9H         LINE#         193
  C:03EBH         LINE#         194
  C:03F2H         LINE#         195
  C:03F4H         LINE#         196
  C:03F9H         LINE#         197
  C:03FBH         LINE#         198
  C:03FDH         LINE#         199
  C:0402H         LINE#         200
  -------         ENDPROC       MAIN
  -------         ENDMOD        TEST

  -------         MODULE        ?C?FPMUL
  C:000EH         PUBLIC        ?C?FPMUL
  -------         ENDMOD        ?C?FPMUL

  -------         MODULE        ?C?CASTF
  C:0114H         PUBLIC        ?C?CASTF
BL51 BANKED LINKER/LOCATER V4.13                                                      04/24/2014  13:09:03  PAGE 5


  -------         ENDMOD        ?C?CASTF

  -------         MODULE        ?C?LNEG
  C:0195H         PUBLIC        ?C?LNEG
  -------         ENDMOD        ?C?LNEG

  -------         MODULE        ?C?LLDCODE
  C:01A3H         PUBLIC        ?C?LLDCODE
  -------         ENDMOD        ?C?LLDCODE

LINK/LOCATE RUN COMPLETE.  0 WARNING(S),  0 ERROR(S)
