BL51 BANKED LINKER/LOCATER V4.13                                                        09/25/2013  13:50:18  PAGE 1


BL51 BANKED LINKER/LOCATER V4.13, INVOKED BY:
C:\KEIL\C51\BIN\BL51.EXE test.obj TO test


MEMORY MODEL: SMALL


INPUT MODULES INCLUDED:
  test.obj (TEST)
  C:\KEIL\C51\LIB\C51S.LIB (?C_STARTUP)


LINK MAP OF MODULE:  test (TEST)


            TYPE    BASE      LENGTH    RELOCATION   SEGMENT NAME
            -----------------------------------------------------

            * * * * * * *   D A T A   M E M O R Y   * * * * * * *
            REG     0000H     0008H     ABSOLUTE     "REG BANK 0"
            DATA    0008H     0006H     UNIT         ?DT?TEST
            IDATA   000EH     0001H     UNIT         ?STACK

            * * * * * * *   C O D E   M E M O R Y   * * * * * * *
            CODE    0000H     0003H     ABSOLUTE     
            CODE    0003H     0153H     UNIT         ?PR?MAIN?TEST
            CODE    0156H     001BH     UNIT         ?PR?DELAY1?TEST
            CODE    0171H     000CH     UNIT         ?C_C51STARTUP



OVERLAY MAP OF MODULE:   test (TEST)


SEGMENT
  +--> CALLED SEGMENT
---------------------
?C_C51STARTUP
  +--> ?PR?MAIN?TEST

?PR?MAIN?TEST
  +--> ?PR?DELAY1?TEST



SYMBOL TABLE OF MODULE:  test (TEST)

  VALUE           TYPE          NAME
  ----------------------------------

  -------         MODULE        TEST
  C:0000H         SYMBOL        _ICE_DUMMY_
  D:0090H         PUBLIC        P1
  D:00B0H         PUBLIC        P3
  B:00B0H.4       PUBLIC        T0
  B:00D0H.6       PUBLIC        AC
  B:00B0H.5       PUBLIC        T1
  B:0090H.0       PUBLIC        T2
BL51 BANKED LINKER/LOCATER V4.13                                                      09/25/2013  13:50:18  PAGE 2


  B:00A8H.7       PUBLIC        EA
  D:00A8H         PUBLIC        IE
  B:00C8H.6       PUBLIC        EXF2
  B:00B0H.7       PUBLIC        RD
  B:00A8H.4       PUBLIC        ES
  D:00B8H         PUBLIC        IP
  B:0098H.0       PUBLIC        RI
  B:00B0H.2       PUBLIC        INT0
  B:00D0H.7       PUBLIC        CY
  B:0098H.1       PUBLIC        TI
  B:00B0H.3       PUBLIC        INT1
  B:00B8H.4       PUBLIC        PS
  B:0090H.1       PUBLIC        T2EX
  B:00D0H.2       PUBLIC        OV
  C:0003H         PUBLIC        main
  B:00C8H.1       PUBLIC        C_T2
  B:00B0H.6       PUBLIC        WR
  B:00C8H.5       PUBLIC        RCLK
  B:00C8H.4       PUBLIC        TCLK
  D:0098H         PUBLIC        SCON
  D:0088H         PUBLIC        TCON
  B:0088H.1       PUBLIC        IE0
  B:0088H.3       PUBLIC        IE1
  C:0156H         PUBLIC        delay1
  B:00C8H.0       PUBLIC        CP_RL2
  B:00A8H.1       PUBLIC        ET0
  B:00A8H.3       PUBLIC        ET1
  B:0088H.5       PUBLIC        TF0
  B:00A8H.5       PUBLIC        ET2
  B:0088H.7       PUBLIC        TF1
  B:00C8H.7       PUBLIC        TF2
  B:0098H.2       PUBLIC        RB8
  B:00A8H.0       PUBLIC        EX0
  B:0088H.0       PUBLIC        IT0
  B:0098H.3       PUBLIC        TB8
  B:00A8H.2       PUBLIC        EX1
  B:0088H.2       PUBLIC        IT1
  B:00D0H.0       PUBLIC        P
  B:0098H.7       PUBLIC        SM0
  B:0098H.6       PUBLIC        SM1
  B:0098H.5       PUBLIC        SM2
  B:00B8H.1       PUBLIC        PT0
  B:00B8H.3       PUBLIC        PT1
  B:00D0H.3       PUBLIC        RS0
  B:00B8H.5       PUBLIC        PT2
  B:0088H.4       PUBLIC        TR0
  B:00D0H.4       PUBLIC        RS1
  B:0088H.6       PUBLIC        TR1
  B:00C8H.2       PUBLIC        TR2
  B:00B8H.0       PUBLIC        PX0
  B:00B8H.2       PUBLIC        PX1
  B:00C8H.3       PUBLIC        EXEN2
  B:0098H.4       PUBLIC        REN
  D:00C8H         PUBLIC        T2CON
  D:0008H         PUBLIC        temp1
  D:0009H         PUBLIC        temp2
  D:000AH         PUBLIC        m
BL51 BANKED LINKER/LOCATER V4.13                                                      09/25/2013  13:50:18  PAGE 3


  D:000CH         PUBLIC        n
  B:00B0H.0       PUBLIC        RXD
  B:00B0H.1       PUBLIC        TXD
  B:00D0H.5       PUBLIC        F0
  D:00D0H         PUBLIC        PSW
  -------         PROC          MAIN
  C:0003H         LINE#         8
  C:0003H         LINE#         9
  C:0003H         LINE#         10
  C:0006H         LINE#         11
  C:0009H         LINE#         13
  C:000EH         LINE#         14
  C:000EH         LINE#         15
  C:0011H         LINE#         16
  C:0014H         LINE#         17
  C:0017H         LINE#         18
  C:001AH         LINE#         19
  C:002DH         LINE#         21
  C:0032H         LINE#         22
  C:0032H         LINE#         23
  C:0037H         LINE#         24
  C:0037H         LINE#         25
  C:003AH         LINE#         26
  C:0047H         LINE#         27
  C:004AH         LINE#         28
  C:005DH         LINE#         29
  C:0062H         LINE#         30
  C:0062H         LINE#         31
  C:0065H         LINE#         32
  C:0072H         LINE#         33
  C:0075H         LINE#         34
  C:0088H         LINE#         35
  C:009BH         LINE#         37
  C:00A0H         LINE#         38
  C:00A0H         LINE#         39
  C:00A5H         LINE#         40
  C:00A5H         LINE#         41
  C:00ABH         LINE#         42
  C:00B8H         LINE#         43
  C:00C5H         LINE#         44
  C:00C8H         LINE#         45
  C:00DBH         LINE#         46
  C:00E0H         LINE#         47
  C:00E0H         LINE#         48
  C:00E6H         LINE#         49
  C:00F3H         LINE#         50
  C:0100H         LINE#         51
  C:0103H         LINE#         52
  C:0116H         LINE#         53
  C:012CH         LINE#         55
  C:0131H         LINE#         56
  C:0131H         LINE#         57
  C:0134H         LINE#         58
  C:0137H         LINE#         59
  C:013AH         LINE#         60
  C:013DH         LINE#         61
  C:0150H         LINE#         63
BL51 BANKED LINKER/LOCATER V4.13                                                      09/25/2013  13:50:18  PAGE 4


  C:0153H         LINE#         64
  -------         ENDPROC       MAIN
  -------         PROC          DELAY1
  -------         DO            DELAY1
  D:0006H         SYMBOL        i
  D:0004H         SYMBOL        j
  -------         ENDDO         j
  C:0156H         LINE#         67
  C:0156H         LINE#         68
  C:0156H         LINE#         70
  C:015AH         LINE#         71
  C:0170H         LINE#         72
  -------         ENDPROC       DELAY1
  -------         ENDMOD        TEST

LINK/LOCATE RUN COMPLETE.  0 WARNING(S),  0 ERROR(S)
