C51 COMPILER V6.12  TEST                                                                   09/25/2013 10:13:25 PAGE 1   


C51 COMPILER V6.12, COMPILATION OF MODULE TEST
OBJECT MODULE PLACED IN .\test.OBJ
COMPILER INVOKED BY: C:\Keil\C51\BIN\C51.EXE .\test.c DEBUG OBJECTEXTEND

stmt level    source

   1          #include <reg52.h>
   2          //sbit d0=P1^0;
   3          void delay01()
   4          {
   5   1      	int i,j;
   6   1      	for(i=0;i<500;i++)
   7   1      		for(j=0;j<230;j++);
   8   1      }
   9          void main()
  10          {
  11   1      	while(1)
  12   1      	{
  13   2      		P1=0xFE;
  14   2      		delay01();
  15   2      		P1=0xFD;
  16   2      		delay01();
  17   2      		P1=0xFB;
  18   2      		delay01();
  19   2      		P1=0xF7;
  20   2      		delay01();
  21   2      		P1=0xEF;
  22   2      		delay01();
  23   2      		P1=0xDF;
  24   2      		delay01();
  25   2      		P1=0xBF;
  26   2      		delay01();
  27   2      		P1=0x7F;
  28   2      		delay01();
  29   2      	}
  30   1      }


MODULE INFORMATION:   STATIC OVERLAYABLE
   CODE SIZE        =     79    ----
   CONSTANT SIZE    =   ----    ----
   XDATA SIZE       =   ----    ----
   PDATA SIZE       =   ----    ----
   DATA SIZE        =   ----    ----
   IDATA SIZE       =   ----    ----
   BIT SIZE         =   ----    ----
END OF MODULE INFORMATION.


C51 COMPILATION COMPLETE.  0 WARNING(S),  0 ERROR(S)
