BL51 BANKED LINKER/LOCATER V4.13                                                        09/27/2013  16:03:31  PAGE 1


BL51 BANKED LINKER/LOCATER V4.13, INVOKED BY:
C:\KEIL\C51\BIN\BL51.EXE test.obj TO test RAMSIZE (256)


MEMORY MODEL: SMALL


INPUT MODULES INCLUDED:
  test.obj (TEST)
  C:\KEIL\C51\LIB\C51S.LIB (?C_STARTUP)
  C:\KEIL\C51\LIB\C51S.LIB (?C?SIDIV)
  C:\KEIL\C51\LIB\C51S.LIB (?C_INIT)
  C:\KEIL\C51\LIB\C51S.LIB (?C?UIDIV)


LINK MAP OF MODULE:  test (TEST)


            TYPE    BASE      LENGTH    RELOCATION   SEGMENT NAME
            -----------------------------------------------------

            * * * * * * *   D A T A   M E M O R Y   * * * * * * *
            REG     0000H     0008H     ABSOLUTE     "REG BANK 0"
            DATA    0008H     0012H     UNIT         ?DT?TEST
            IDATA   001AH     0001H     UNIT         ?STACK

            * * * * * * *   C O D E   M E M O R Y   * * * * * * *
            CODE    0000H     0003H     ABSOLUTE     
            CODE    0003H     0003H     ABSOLUTE     
            CODE    0006H     008CH     UNIT         ?C_C51STARTUP
            CODE    0092H     008BH     UNIT         ?C?LIB_CODE
            CODE    011DH     0039H     UNIT         ?PR?MAIN?TEST
            CODE    0156H     001BH     UNIT         ?PR?DELAY1?TEST
            CODE    0171H     0013H     UNIT         ?C_INITSEG
            CODE    0184H     0003H     UNIT         ?PR?SHOWLIGHT?TEST



OVERLAY MAP OF MODULE:   test (TEST)


SEGMENT
  +--> CALLED SEGMENT
---------------------
?C_C51STARTUP
  +--> ?PR?MAIN?TEST
  +--> ?C_INITSEG

?PR?MAIN?TEST
  +--> ?PR?DELAY1?TEST



SYMBOL TABLE OF MODULE:  test (TEST)

  VALUE           TYPE          NAME
  ----------------------------------

BL51 BANKED LINKER/LOCATER V4.13                                                      09/27/2013  16:03:31  PAGE 2


  -------         MODULE        TEST
  C:0000H         SYMBOL        _ICE_DUMMY_
  D:0080H         PUBLIC        P0
  D:0090H         PUBLIC        P1
  D:00A0H         PUBLIC        P2
  D:00B0H         PUBLIC        P3
  B:00B0H.4       PUBLIC        T0
  B:00D0H.6       PUBLIC        AC
  B:00B0H.5       PUBLIC        T1
  B:0090H.0       PUBLIC        T2
  B:00A8H.7       PUBLIC        EA
  D:0008H         PUBLIC        table
  D:00A8H         PUBLIC        IE
  B:0090H.1       PUBLIC        d1
  B:00C8H.6       PUBLIC        EXF2
  B:00B0H.7       PUBLIC        RD
  B:00A8H.4       PUBLIC        ES
  D:00B8H         PUBLIC        IP
  B:0098H.0       PUBLIC        RI
  B:00B0H.2       PUBLIC        INT0
  B:00D0H.7       PUBLIC        CY
  B:0098H.1       PUBLIC        TI
  B:00B0H.3       PUBLIC        INT1
  B:00B8H.4       PUBLIC        PS
  B:0090H.1       PUBLIC        T2EX
  B:00D0H.2       PUBLIC        OV
  C:011DH         PUBLIC        main
  B:00C8H.1       PUBLIC        C_T2
  B:00B0H.6       PUBLIC        WR
  B:00A0H.7       PUBLIC        duan
  D:0018H         PUBLIC        count
  B:00C8H.5       PUBLIC        RCLK
  B:00C8H.4       PUBLIC        TCLK
  D:0098H         PUBLIC        SCON
  D:0088H         PUBLIC        TCON
  B:0088H.1       PUBLIC        IE0
  B:0088H.3       PUBLIC        IE1
  C:0156H         PUBLIC        delay1
  B:00C8H.0       PUBLIC        CP_RL2
  B:00A0H.6       PUBLIC        wei
  B:00A8H.1       PUBLIC        ET0
  B:00A8H.3       PUBLIC        ET1
  B:0088H.5       PUBLIC        TF0
  B:00A8H.5       PUBLIC        ET2
  B:0088H.7       PUBLIC        TF1
  B:00C8H.7       PUBLIC        TF2
  B:0098H.2       PUBLIC        RB8
  B:00A8H.0       PUBLIC        EX0
  B:0088H.0       PUBLIC        IT0
  B:0098H.3       PUBLIC        TB8
  B:00A8H.2       PUBLIC        EX1
  B:0088H.2       PUBLIC        IT1
  B:00D0H.0       PUBLIC        P
  B:0098H.7       PUBLIC        SM0
  B:0098H.6       PUBLIC        SM1
  B:0098H.5       PUBLIC        SM2
  B:00B8H.1       PUBLIC        PT0
BL51 BANKED LINKER/LOCATER V4.13                                                      09/27/2013  16:03:31  PAGE 3


  B:00B8H.3       PUBLIC        PT1
  B:00D0H.3       PUBLIC        RS0
  B:00B8H.5       PUBLIC        PT2
  B:0088H.4       PUBLIC        TR0
  B:00D0H.4       PUBLIC        RS1
  B:0088H.6       PUBLIC        TR1
  B:00C8H.2       PUBLIC        TR2
  B:00B8H.0       PUBLIC        PX0
  B:00B8H.2       PUBLIC        PX1
  C:0184H         PUBLIC        showlight
  B:00C8H.3       PUBLIC        EXEN2
  B:0098H.4       PUBLIC        REN
  D:00C8H         PUBLIC        T2CON
  B:00B0H.0       PUBLIC        RXD
  B:00B0H.1       PUBLIC        TXD
  B:00D0H.5       PUBLIC        F0
  D:00D0H         PUBLIC        PSW
  -------         PROC          MAIN
  C:011DH         LINE#         12
  C:011DH         LINE#         13
  C:011DH         LINE#         14
  C:011FH         LINE#         15
  C:0121H         LINE#         18
  C:0126H         LINE#         19
  C:0128H         LINE#         20
  C:012BH         LINE#         21
  C:012DH         LINE#         23
  C:012DH         LINE#         24
  C:012DH         LINE#         25
  C:012FH         LINE#         26
  C:0131H         LINE#         27
  C:0140H         LINE#         28
  C:0142H         LINE#         30
  C:0151H         LINE#         31
  C:0154H         LINE#         32
  -------         ENDPROC       MAIN
  -------         PROC          DELAY1
  -------         DO            DELAY1
  D:0006H         SYMBOL        i
  D:0004H         SYMBOL        j
  -------         ENDDO         j
  C:0156H         LINE#         35
  C:0156H         LINE#         36
  C:0156H         LINE#         38
  C:015AH         LINE#         39
  C:0170H         LINE#         40
  -------         ENDPROC       DELAY1
  -------         PROC          SHOWLIGHT
  C:0184H         LINE#         42
  C:0184H         LINE#         44
  C:0186H         LINE#         45
  -------         ENDPROC       SHOWLIGHT
  -------         ENDMOD        TEST

  -------         MODULE        ?C?SIDIV
  C:0092H         PUBLIC        ?C?SIDIV
  -------         ENDMOD        ?C?SIDIV
BL51 BANKED LINKER/LOCATER V4.13                                                      09/27/2013  16:03:31  PAGE 4



  -------         MODULE        ?C?UIDIV
  C:00C8H         PUBLIC        ?C?UIDIV
  -------         ENDMOD        ?C?UIDIV

LINK/LOCATE RUN COMPLETE.  0 WARNING(S),  0 ERROR(S)
