C51 COMPILER V6.12  TEST                                                                   09/25/2013 11:16:13 PAGE 1   


C51 COMPILER V6.12, COMPILATION OF MODULE TEST
OBJECT MODULE PLACED IN .\test.OBJ
COMPILER INVOKED BY: C:\Keil\C51\BIN\C51.EXE .\test.c DEBUG OBJECTEXTEND

stmt level    source

   1          #include <reg52.h>
   2          #include <intrins.h>
   3          void delay1();
   4          //sbit d1=P1^0;
   5          sbit beep=P2^3;
   6          unsigned char temp;
   7          
   8          void main()
   9          {
  10   1      	temp=0xfe;
  11   1      	while(1)
  12   1      	{
  13   2      		beep=0;
  14   2      		P1=temp;
  15   2      		temp= _crol_(temp,1);
  16   2      		delay1();
  17   2      		beep=1;
  18   2      		P1=0xff;
  19   2      		delay1();
  20   2      	}
  21   1      }
  22          
  23          void delay1()
  24          {
  25   1      	int i,j;
  26   1      	for(i=250;i>0;i--)
  27   1      		for(j=230;j>0;j--);
  28   1      }


MODULE INFORMATION:   STATIC OVERLAYABLE
   CODE SIZE        =     61    ----
   CONSTANT SIZE    =   ----    ----
   XDATA SIZE       =   ----    ----
   PDATA SIZE       =   ----    ----
   DATA SIZE        =      1    ----
   IDATA SIZE       =   ----    ----
   BIT SIZE         =   ----    ----
END OF MODULE INFORMATION.


C51 COMPILATION COMPLETE.  0 WARNING(S),  0 ERROR(S)
