BL51 BANKED LINKER/LOCATER V4.13                                                        04/22/2014  21:34:11  PAGE 1


BL51 BANKED LINKER/LOCATER V4.13, INVOKED BY:
C:\KEIL\C51\BIN\BL51.EXE test.obj TO test RAMSIZE (256)


MEMORY MODEL: SMALL


INPUT MODULES INCLUDED:
  test.obj (TEST)
  C:\KEIL\C51\LIB\C51S.LIB (?C_STARTUP)


LINK MAP OF MODULE:  test (TEST)


            TYPE    BASE      LENGTH    RELOCATION   SEGMENT NAME
            -----------------------------------------------------

            * * * * * * *   D A T A   M E M O R Y   * * * * * * *
            REG     0000H     0008H     ABSOLUTE     "REG BANK 0"
            DATA    0008H     0003H     UNIT         ?DT?TEST
            DATA    000BH     0003H     UNIT         _DATA_GROUP_
            IDATA   000EH     0001H     UNIT         ?STACK

            * * * * * * *   C O D E   M E M O R Y   * * * * * * *
            CODE    0000H     0003H     ABSOLUTE     
            CODE    0003H     0059H     UNIT         ?PR?MAIN?TEST
            CODE    005CH     0031H     UNIT         ?PR?_DISPLAY?TEST
            CODE    008DH     001AH     UNIT         ?PR?_DELAY?TEST
            CODE    00A7H     0010H     UNIT         ?CO?TEST
            CODE    00B7H     000CH     UNIT         ?C_C51STARTUP



OVERLAY MAP OF MODULE:   test (TEST)


SEGMENT                          DATA_GROUP 
  +--> CALLED SEGMENT          START    LENGTH
----------------------------------------------
?C_C51STARTUP                  -----    -----
  +--> ?PR?MAIN?TEST

?PR?MAIN?TEST                  000BH    0003H
  +--> ?PR?_DELAY?TEST
  +--> ?PR?_DISPLAY?TEST

?PR?_DISPLAY?TEST              -----    -----
  +--> ?CO?TEST
  +--> ?PR?_DELAY?TEST



SYMBOL TABLE OF MODULE:  test (TEST)

  VALUE           TYPE          NAME
  ----------------------------------

BL51 BANKED LINKER/LOCATER V4.13                                                      04/22/2014  21:34:11  PAGE 2


  -------         MODULE        TEST
  C:0000H         SYMBOL        _ICE_DUMMY_
  D:0080H         PUBLIC        P0
  D:0090H         PUBLIC        P1
  D:00A0H         PUBLIC        P2
  D:00B0H         PUBLIC        P3
  B:00B0H.4       PUBLIC        T0
  B:00D0H.6       PUBLIC        AC
  B:00B0H.5       PUBLIC        T1
  B:00A8H.7       PUBLIC        EA
  C:00A7H         PUBLIC        table
  D:0008H         PUBLIC        adval
  B:00A0H.5       PUBLIC        diola
  B:00B0H.7       PUBLIC        RD
  B:00A8H.4       PUBLIC        ES
  B:0098H.0       PUBLIC        RI
  B:00B0H.2       PUBLIC        INT0
  B:00D0H.7       PUBLIC        CY
  B:00B0H.7       PUBLIC        adrd
  B:0098H.1       PUBLIC        TI
  B:00B0H.3       PUBLIC        INT1
  B:00B8H.4       PUBLIC        PS
  B:00D0H.2       PUBLIC        OV
  C:0003H         PUBLIC        main
  B:00A0H.6       PUBLIC        dula
  B:00B0H.6       PUBLIC        WR
  B:00A0H.7       PUBLIC        wela
  B:00B0H.6       PUBLIC        adwr
  B:0088H.1       PUBLIC        IE0
  B:0088H.3       PUBLIC        IE1
  B:00A8H.1       PUBLIC        ET0
  B:00A8H.3       PUBLIC        ET1
  B:0088H.5       PUBLIC        TF0
  B:0088H.7       PUBLIC        TF1
  B:0098H.2       PUBLIC        RB8
  B:00A8H.0       PUBLIC        EX0
  B:0088H.0       PUBLIC        IT0
  B:0098H.3       PUBLIC        TB8
  B:00A8H.2       PUBLIC        EX1
  B:0088H.2       PUBLIC        IT1
  B:00D0H.0       PUBLIC        P
  B:0098H.7       PUBLIC        SM0
  B:0098H.6       PUBLIC        SM1
  B:0098H.5       PUBLIC        SM2
  B:00B8H.1       PUBLIC        PT0
  B:00B8H.3       PUBLIC        PT1
  B:00D0H.3       PUBLIC        RS0
  B:0088H.4       PUBLIC        TR0
  B:00D0H.4       PUBLIC        RS1
  B:0088H.6       PUBLIC        TR1
  B:00B8H.0       PUBLIC        PX0
  B:00B8H.2       PUBLIC        PX1
  C:005CH         PUBLIC        _display
  B:0098H.4       PUBLIC        REN
  D:0009H         PUBLIC        j
  D:000AH         PUBLIC        k
  B:00B0H.0       PUBLIC        RXD
BL51 BANKED LINKER/LOCATER V4.13                                                      04/22/2014  21:34:11  PAGE 3


  B:00B0H.1       PUBLIC        TXD
  C:0093H         PUBLIC        _delay
  B:00D0H.5       PUBLIC        F0
  C:008DH         SYMBOL        L?0016
  -------         PROC          L?0015
  -------         ENDPROC       L?0015
  C:008DH         SYMBOL        L?0016
  -------         PROC          _DELAY
  D:0007H         SYMBOL        i
  C:0093H         LINE#         14
  C:0093H         LINE#         15
  C:0093H         LINE#         16
  C:009CH         LINE#         17
  C:00A6H         LINE#         18
  -------         ENDPROC       _DELAY
  -------         PROC          _DISPLAY
  D:0007H         SYMBOL        bai_c
  D:0005H         SYMBOL        sh_c
  D:0003H         SYMBOL        g_c
  C:005CH         LINE#         21
  C:005CH         LINE#         22
  C:005CH         LINE#         23
  C:0063H         LINE#         24
  C:0065H         LINE#         25
  C:0067H         LINE#         27
  C:006AH         LINE#         28
  C:006AH         LINE#         29
  C:006AH         LINE#         30
  C:006DH         LINE#         32
  C:006FH         LINE#         33
  C:0073H         LINE#         34
  C:0075H         LINE#         35
  C:0077H         LINE#         37
  C:0079H         LINE#         38
  C:007CH         LINE#         39
  C:007CH         LINE#         40
  C:007CH         LINE#         41
  C:007FH         LINE#         43
  C:0083H         LINE#         44
  C:0085H         LINE#         45
  C:0087H         LINE#         47
  C:008AH         LINE#         48
  C:008AH         LINE#         49
  C:008AH         LINE#         50
  -------         ENDPROC       _DISPLAY
  -------         PROC          MAIN
  -------         DO            MAIN
  D:0006H         SYMBOL        a
  D:000BH         SYMBOL        A1
  D:000CH         SYMBOL        A2
  D:0007H         SYMBOL        A2t
  D:000DH         SYMBOL        A3
  -------         ENDDO         A3
  C:0003H         LINE#         54
  C:0003H         LINE#         55
  C:0003H         LINE#         58
  C:0003H         LINE#         59
BL51 BANKED LINKER/LOCATER V4.13                                                      04/22/2014  21:34:11  PAGE 4


  C:0003H         LINE#         60
  C:0005H         LINE#         61
  C:0008H         LINE#         62
  C:000AH         LINE#         63
  C:000BH         LINE#         64
  C:000DH         LINE#         65
  C:0010H         LINE#         66
  C:0015H         LINE#         67
  C:0017H         LINE#         68
  C:0019H         LINE#         69
  C:0019H         LINE#         70
  C:0022H         LINE#         71
  C:0024H         LINE#         72
  C:0026H         LINE#         73
  C:0029H         LINE#         74
  C:002CH         LINE#         75
  C:002EH         LINE#         76
  C:0031H         LINE#         77
  C:0033H         LINE#         78
  C:0036H         LINE#         79
  C:0038H         LINE#         80
  C:003BH         LINE#         81
  C:0043H         LINE#         82
  C:004BH         LINE#         83
  C:0052H         LINE#         84
  C:005AH         LINE#         85
  -------         ENDPROC       MAIN
  -------         ENDMOD        TEST

LINK/LOCATE RUN COMPLETE.  0 WARNING(S),  0 ERROR(S)
