BL51 BANKED LINKER/LOCATER V4.13                                                        09/27/2013  19:22:38  PAGE 1


BL51 BANKED LINKER/LOCATER V4.13, INVOKED BY:
C:\KEIL\C51\BIN\BL51.EXE test.obj TO test RAMSIZE (256)


MEMORY MODEL: SMALL


INPUT MODULES INCLUDED:
  test.obj (TEST)
  C:\KEIL\C51\LIB\C51S.LIB (?C_STARTUP)
  C:\KEIL\C51\LIB\C51S.LIB (?C?SIDIV)
  C:\KEIL\C51\LIB\C51S.LIB (?C_INIT)
  C:\KEIL\C51\LIB\C51S.LIB (?C?UIDIV)


LINK MAP OF MODULE:  test (TEST)


            TYPE    BASE      LENGTH    RELOCATION   SEGMENT NAME
            -----------------------------------------------------

            * * * * * * *   D A T A   M E M O R Y   * * * * * * *
            REG     0000H     0008H     ABSOLUTE     "REG BANK 0"
            DATA    0008H     0014H     UNIT         ?DT?TEST
            IDATA   001CH     0001H     UNIT         ?STACK

            * * * * * * *   C O D E   M E M O R Y   * * * * * * *
            CODE    0000H     0003H     ABSOLUTE     
                    0003H     0008H                  *** GAP ***
            CODE    000BH     0003H     ABSOLUTE     
            CODE    000EH     008CH     UNIT         ?C_C51STARTUP
            CODE    009AH     008BH     UNIT         ?C?LIB_CODE
            CODE    0125H     0063H     UNIT         ?PR?MAIN?TEST
            CODE    0188H     001BH     UNIT         ?PR?DELAY1?TEST
            CODE    01A3H     0013H     UNIT         ?PR?SHOW1?TEST
            CODE    01B6H     0013H     UNIT         ?C_INITSEG



OVERLAY MAP OF MODULE:   test (TEST)


SEGMENT
  +--> CALLED SEGMENT
---------------------
?C_C51STARTUP
  +--> ?PR?MAIN?TEST
  +--> ?C_INITSEG

?PR?MAIN?TEST
  +--> ?PR?DELAY1?TEST



SYMBOL TABLE OF MODULE:  test (TEST)

  VALUE           TYPE          NAME
  ----------------------------------
BL51 BANKED LINKER/LOCATER V4.13                                                      09/27/2013  19:22:38  PAGE 2



  -------         MODULE        TEST
  C:0000H         SYMBOL        _ICE_DUMMY_
  D:0080H         PUBLIC        P0
  D:0090H         PUBLIC        P1
  D:00A0H         PUBLIC        P2
  D:00B0H         PUBLIC        P3
  B:00B0H.4       PUBLIC        T0
  B:00D0H.6       PUBLIC        AC
  B:00B0H.5       PUBLIC        T1
  B:0090H.0       PUBLIC        T2
  B:00A8H.7       PUBLIC        EA
  D:0008H         PUBLIC        table
  D:00A8H         PUBLIC        IE
  B:00C8H.6       PUBLIC        EXF2
  B:00B0H.7       PUBLIC        RD
  B:00A8H.4       PUBLIC        ES
  D:00B8H         PUBLIC        IP
  B:0098H.0       PUBLIC        RI
  B:00B0H.2       PUBLIC        INT0
  B:00D0H.7       PUBLIC        CY
  B:0098H.1       PUBLIC        TI
  B:00B0H.3       PUBLIC        INT1
  B:00A0H.3       PUBLIC        beep
  B:00B8H.4       PUBLIC        PS
  B:0090H.1       PUBLIC        T2EX
  B:00D0H.2       PUBLIC        OV
  C:0125H         PUBLIC        main
  B:00C8H.1       PUBLIC        C_T2
  B:00B0H.6       PUBLIC        WR
  B:00A0H.7       PUBLIC        duan
  D:0018H         PUBLIC        count
  B:00C8H.5       PUBLIC        RCLK
  B:00C8H.4       PUBLIC        TCLK
  D:0098H         PUBLIC        SCON
  D:0089H         PUBLIC        TMOD
  D:0088H         PUBLIC        TCON
  B:0088H.1       PUBLIC        IE0
  B:0088H.3       PUBLIC        IE1
  C:0188H         PUBLIC        delay1
  B:00C8H.0       PUBLIC        CP_RL2
  B:00A0H.6       PUBLIC        wei
  B:00A8H.1       PUBLIC        ET0
  B:00A8H.3       PUBLIC        ET1
  B:0088H.5       PUBLIC        TF0
  B:00A8H.5       PUBLIC        ET2
  B:0088H.7       PUBLIC        TF1
  B:00C8H.7       PUBLIC        TF2
  B:0098H.2       PUBLIC        RB8
  D:008CH         PUBLIC        TH0
  B:00A8H.0       PUBLIC        EX0
  B:0088H.0       PUBLIC        IT0
  B:0098H.3       PUBLIC        TB8
  B:00A8H.2       PUBLIC        EX1
  B:0088H.2       PUBLIC        IT1
  B:00D0H.0       PUBLIC        P
  B:0098H.7       PUBLIC        SM0
BL51 BANKED LINKER/LOCATER V4.13                                                      09/27/2013  19:22:38  PAGE 3


  D:008AH         PUBLIC        TL0
  D:001AH         PUBLIC        num
  B:0098H.6       PUBLIC        SM1
  B:0098H.5       PUBLIC        SM2
  B:00B8H.1       PUBLIC        PT0
  B:00B8H.3       PUBLIC        PT1
  B:00D0H.3       PUBLIC        RS0
  B:00B8H.5       PUBLIC        PT2
  B:0088H.4       PUBLIC        TR0
  B:00D0H.4       PUBLIC        RS1
  B:0088H.6       PUBLIC        TR1
  B:00C8H.2       PUBLIC        TR2
  B:00B8H.0       PUBLIC        PX0
  B:00B8H.2       PUBLIC        PX1
  B:00C8H.3       PUBLIC        EXEN2
  B:0098H.4       PUBLIC        REN
  D:00C8H         PUBLIC        T2CON
  B:00B0H.0       PUBLIC        RXD
  B:00B0H.1       PUBLIC        TXD
  C:01A3H         PUBLIC        show1
  B:00D0H.5       PUBLIC        F0
  D:00D0H         PUBLIC        PSW
  -------         PROC          MAIN
  C:0125H         LINE#         12
  C:0125H         LINE#         13
  C:0125H         LINE#         14
  C:0127H         LINE#         15
  C:0129H         LINE#         16
  C:012CH         LINE#         17
  C:012FH         LINE#         18
  C:0132H         LINE#         19
  C:0134H         LINE#         21
  C:0139H         LINE#         22
  C:013BH         LINE#         23
  C:013EH         LINE#         24
  C:0140H         LINE#         26
  C:0142H         LINE#         27
  C:0145H         LINE#         28
  C:0147H         LINE#         30
  C:0147H         LINE#         31
  C:0147H         LINE#         32
  C:014FH         LINE#         33
  C:014FH         LINE#         34
  C:0153H         LINE#         35
  C:0155H         LINE#         36
  C:0164H         LINE#         37
  C:0166H         LINE#         39
  C:016EH         LINE#         40
  C:0172H         LINE#         42
  C:0174H         LINE#         44
  C:0183H         LINE#         45
  C:0186H         LINE#         46
  C:0186H         LINE#         47
  -------         ENDPROC       MAIN
  -------         PROC          DELAY1
  -------         DO            DELAY1
  D:0006H         SYMBOL        i
BL51 BANKED LINKER/LOCATER V4.13                                                      09/27/2013  19:22:38  PAGE 4


  D:0004H         SYMBOL        j
  -------         ENDDO         j
  C:0188H         LINE#         50
  C:0188H         LINE#         51
  C:0188H         LINE#         53
  C:018CH         LINE#         54
  C:01A2H         LINE#         55
  -------         ENDPROC       DELAY1
  -------         PROC          SHOW1
  C:01A3H         LINE#         57
  C:01A5H         LINE#         59
  C:01A8H         LINE#         60
  C:01ABH         LINE#         61
  C:01B3H         LINE#         62
  -------         ENDPROC       SHOW1
  -------         ENDMOD        TEST

  -------         MODULE        ?C?SIDIV
  C:009AH         PUBLIC        ?C?SIDIV
  -------         ENDMOD        ?C?SIDIV

  -------         MODULE        ?C?UIDIV
  C:00D0H         PUBLIC        ?C?UIDIV
  -------         ENDMOD        ?C?UIDIV

LINK/LOCATE RUN COMPLETE.  0 WARNING(S),  0 ERROR(S)
