C51 COMPILER V6.12  TEST                                                                   09/28/2013 12:23:37 PAGE 1   


C51 COMPILER V6.12, COMPILATION OF MODULE TEST
OBJECT MODULE PLACED IN .\test.OBJ
COMPILER INVOKED BY: C:\Keil\C51\BIN\C51.EXE .\test.c DEBUG OBJECTEXTEND

stmt level    source

   1          #include <reg52.h>
   2          #include <intrins.h>
   3          
   4          unsigned char code table[]={0x06 , 0x5b , 0x4f , 0x66 , 0x6d , 0x7d };
   5          int count,num,m;
   6          sbit wei=P2^7;
   7          sbit duan=P2^6;
   8          unsigned char temp;
   9          void delay1();
  10          
  11          void main()
  12          {
  13   1      	TMOD=0x01;
  14   1      	TH0=(65535-1000)>>8;
  15   1      	TL0=(65535-1000)%256;
  16   1      	EA=1;
  17   1      	ET0=1;
  18   1      	TR0=1;
  19   1      
  20   1      	count=0;
  21   1      	wei=1;
  22   1      	P0=temp=0xfe;
  23   1      	wei=0;
  24   1      	duan=1;
  25   1      	P0=0xff;
  26   1      	duan=0;
  27   1      
  28   1      	while(1)
  29   1      	{
  30   2      		if(num==1)
  31   2      		{
  32   3      			num=0;
  33   3      			wei=1;
  34   3      			P0=_crol_(temp,count);
  35   3      			wei=0;			
  36   3      		
  37   3      			P0=0xff;//Ïû¶¶²¿·Ö
  38   3      
  39   3      			duan=1;
  40   3      			P0=table[5-count];
  41   3      			duan=0;
  42   3      
  43   3      			count++;
  44   3      			count=count%6;
  45   3      			delay1();
  46   3      		}
  47   2      	}
  48   1      }
  49          
  50          void timeInt() interrupt 1
  51          {
  52   1      	TH0=(65535-1000)>>8;
  53   1      	TL0=(65535-1000)%256;
  54   1      	num++;
  55   1      }
C51 COMPILER V6.12  TEST                                                                   09/28/2013 12:23:37 PAGE 2   

  56          
  57          void delay1()
  58          {
  59   1      	int i,j;
  60   1      	for(i=1;i>0;i--)
  61   1      		for(j=110;j>0;j--);
  62   1      }
  63          


MODULE INFORMATION:   STATIC OVERLAYABLE
   CODE SIZE        =    170    ----
   CONSTANT SIZE    =      6    ----
   XDATA SIZE       =   ----    ----
   PDATA SIZE       =   ----    ----
   DATA SIZE        =      7    ----
   IDATA SIZE       =   ----    ----
   BIT SIZE         =   ----    ----
END OF MODULE INFORMATION.


C51 COMPILATION COMPLETE.  0 WARNING(S),  0 ERROR(S)
