BL51 BANKED LINKER/LOCATER V4.13                                                        05/31/2014  10:22:03  PAGE 1


BL51 BANKED LINKER/LOCATER V4.13, INVOKED BY:
C:\KEIL\C51\BIN\BL51.EXE test.obj TO test RAMSIZE (256)


MEMORY MODEL: SMALL WITH FLOATING POINT ARITHMETIC


INPUT MODULES INCLUDED:
  test.obj (TEST)
  C:\KEIL\C51\LIB\C51FPS.LIB (?C?FPADD)
  C:\KEIL\C51\LIB\C51FPS.LIB (?C?FPMUL)
  C:\KEIL\C51\LIB\C51FPS.LIB (?C?FPDIV)
  C:\KEIL\C51\LIB\C51FPS.LIB (?C?FCAST)
  C:\KEIL\C51\LIB\C51FPS.LIB (PRINTF)
  C:\KEIL\C51\LIB\C51FPS.LIB (POW)
  C:\KEIL\C51\LIB\C51FPS.LIB (?C?FPGETOPN)
  C:\KEIL\C51\LIB\C51FPS.LIB (?C?FPCMP)
  C:\KEIL\C51\LIB\C51FPS.LIB (?C?FPNEG)
  C:\KEIL\C51\LIB\C51FPS.LIB (?C?CASTF)
  C:\KEIL\C51\LIB\C51FPS.LIB (?C?FPROUND)
  C:\KEIL\C51\LIB\C51FPS.LIB (?C?FPCONVERT)
  C:\KEIL\C51\LIB\C51FPS.LIB (EXP)
  C:\KEIL\C51\LIB\C51FPS.LIB (LOG)
  C:\KEIL\C51\LIB\C51FPS.LIB (?C?FTNPWR)
  C:\KEIL\C51\LIB\C51FPS.LIB (?C?FPSERIES)
  C:\KEIL\C51\LIB\C51S.LIB (?C_STARTUP)
  C:\KEIL\C51\LIB\C51S.LIB (?C?CLDPTR)
  C:\KEIL\C51\LIB\C51S.LIB (?C?CLDOPTR)
  C:\KEIL\C51\LIB\C51S.LIB (?C?CSTPTR)
  C:\KEIL\C51\LIB\C51S.LIB (?C?IMUL)
  C:\KEIL\C51\LIB\C51S.LIB (?C?LNEG)
  C:\KEIL\C51\LIB\C51S.LIB (?C?LLDCODE)
  C:\KEIL\C51\LIB\C51S.LIB (?C?LLDCODE0)
  C:\KEIL\C51\LIB\C51S.LIB (?C?PLDIIDATA)
  C:\KEIL\C51\LIB\C51S.LIB (?C?CCASE)
  C:\KEIL\C51\LIB\C51S.LIB (PUTCHAR)
  C:\KEIL\C51\LIB\C51S.LIB (STRLEN)
  C:\KEIL\C51\LIB\C51S.LIB (?C_INIT)


LINK MAP OF MODULE:  test (TEST)


            TYPE    BASE      LENGTH    RELOCATION   SEGMENT NAME
            -----------------------------------------------------

            * * * * * * *   D A T A   M E M O R Y   * * * * * * *
            REG     0000H     0008H     ABSOLUTE     "REG BANK 0"
                    0008H     0018H                  *** GAP ***
            BIT     0020H.0   0001H.1   UNIT         _BIT_GROUP_
                    0021H.1   0000H.7                *** GAP ***
            DATA    0022H     001DH     UNIT         ?DT?TEST
            DATA    003FH     001CH     UNIT         _DATA_GROUP_
            IDATA   005BH     0001H     UNIT         ?STACK

            * * * * * * *   C O D E   M E M O R Y   * * * * * * *
            CODE    0000H     0003H     ABSOLUTE     
            CODE    0003H     000FH     UNIT         ?PR?_LCDWRITECOM?TEST
BL51 BANKED LINKER/LOCATER V4.13                                                      05/31/2014  10:22:03  PAGE 2


                    0012H     0001H                  *** GAP ***
            CODE    0013H     0003H     ABSOLUTE     
            CODE    0016H     0005H     UNIT         ?CO?TEST
            CODE    001BH     0003H     ABSOLUTE     
            CODE    001EH     0698H     UNIT         ?C?LIB_CODE
            CODE    06B6H     046FH     UNIT         ?PR?PRINTF?PRINTF
            CODE    0B25H     0135H     UNIT         ?PR?LOG?LOG
            CODE    0C5AH     012CH     UNIT         ?PR?MAIN?TEST
            CODE    0D86H     00DBH     UNIT         ?PR?_POW?POW
            CODE    0E61H     009AH     UNIT         ?PR?EXP?EXP
            CODE    0EFBH     008CH     UNIT         ?C_C51STARTUP
            CODE    0F87H     002FH     UNIT         ?PR?_LCDDELAY?TEST
            CODE    0FB6H     0027H     UNIT         ?PR?PUTCHAR?PUTCHAR
            CODE    0FDDH     0026H     UNIT         ?PR?INT1?TEST
            CODE    1003H     0021H     UNIT         ?PR?INIT?TEST
            CODE    1024H     0020H     UNIT         ?PR?_DELAY?TEST
            CODE    1044H     0018H     UNIT         ?PR?LCDINIT?TEST
            CODE    105CH     0015H     UNIT         ?PR?_STRLEN?STRLEN
            CODE    1071H     0013H     UNIT         ?PR?TIMER1?TEST
            CODE    1084H     0011H     UNIT         ?C_INITSEG
            CODE    1095H     0008H     UNIT         ?PR?_LCDWRITEDATA?TEST



OVERLAY MAP OF MODULE:   test (TEST)


SEGMENT                           BIT_GROUP          DATA_GROUP 
  +--> CALLED SEGMENT          START    LENGTH     START    LENGTH
------------------------------------------------------------------
?C_C51STARTUP                  -----    -----      -----    -----
  +--> ?PR?MAIN?TEST
  +--> ?C_INITSEG

?PR?MAIN?TEST                  -----    -----      -----    -----
  +--> ?PR?LCDINIT?TEST
  +--> ?PR?INIT?TEST
  +--> ?CO?TEST
  +--> ?PR?_POW?POW
  +--> ?PR?PRINTF?PRINTF
  +--> ?PR?_STRLEN?STRLEN
  +--> ?PR?_LCDWRITECOM?TEST
  +--> ?PR?_LCDWRITEDATA?TEST

?PR?LCDINIT?TEST               -----    -----      -----    -----
  +--> ?PR?_LCDWRITECOM?TEST

?PR?_LCDWRITECOM?TEST          -----    -----      -----    -----
  +--> ?PR?_LCDDELAY?TEST

?PR?_POW?POW                   -----    -----      003FH    000AH
  +--> ?PR?LOG?LOG
  +--> ?PR?EXP?EXP

?PR?LOG?LOG                    0020H.0  0000H.1    0049H    0004H

?PR?PRINTF?PRINTF              0020H.0  0001H.1    003FH    001CH
BL51 BANKED LINKER/LOCATER V4.13                                                      05/31/2014  10:22:03  PAGE 3


  +--> ?PR?PUTCHAR?PUTCHAR

?PR?_LCDWRITEDATA?TEST         -----    -----      -----    -----
  +--> ?PR?_LCDDELAY?TEST



SYMBOL TABLE OF MODULE:  test (TEST)

  VALUE           TYPE          NAME
  ----------------------------------

  -------         MODULE        TEST
  C:0000H         SYMBOL        _ICE_DUMMY_
  D:0080H         PUBLIC        P0
  D:0022H         PUBLIC        concentration
  D:0090H         PUBLIC        P1
  D:00A0H         PUBLIC        P2
  D:00B0H         PUBLIC        P3
  B:00B0H.4       PUBLIC        T0
  B:00D0H.6       PUBLIC        AC
  D:0026H         PUBLIC        counter
  B:00B0H.5       PUBLIC        T1
  B:0090H.0       PUBLIC        T2
  B:00A8H.7       PUBLIC        EA
  B:00B0H.4       PUBLIC        lcden
  D:00A8H         PUBLIC        IE
  B:00C8H.6       PUBLIC        EXF2
  B:00B0H.7       PUBLIC        RD
  B:00A8H.4       PUBLIC        ES
  D:00B8H         PUBLIC        IP
  B:00B0H.5       PUBLIC        lcdrs
  B:0098H.0       PUBLIC        RI
  B:00B0H.2       PUBLIC        INT0
  B:00D0H.7       PUBLIC        CY
  B:0098H.1       PUBLIC        TI
  B:00B0H.3       PUBLIC        INT1
  D:0028H         PUBLIC        ratio
  B:00B8H.4       PUBLIC        PS
  B:0090H.1       PUBLIC        T2EX
  D:002CH         PUBLIC        buff
  B:00D0H.2       PUBLIC        OV
  C:0F96H         PUBLIC        _LCDDelay
  C:0C5AH         PUBLIC        main
  B:00C8H.1       PUBLIC        C_T2
  B:00B0H.6       PUBLIC        WR
  B:00A0H.7       PUBLIC        duan
  D:0036H         PUBLIC        count
  B:00B0H.3       PUBLIC        pulse
  B:00C8H.5       PUBLIC        RCLK
  B:00C8H.4       PUBLIC        TCLK
  D:0098H         PUBLIC        SCON
  D:0089H         PUBLIC        TMOD
  D:0088H         PUBLIC        TCON
  C:1003H         PUBLIC        init
  B:0088H.1       PUBLIC        IE0
  C:1095H         PUBLIC        _LCDWriteData
BL51 BANKED LINKER/LOCATER V4.13                                                      05/31/2014  10:22:03  PAGE 4


  B:0088H.3       PUBLIC        IE1
  D:0037H         PUBLIC        len
  B:00C8H.0       PUBLIC        CP_RL2
  B:00A0H.6       PUBLIC        wei
  B:00A8H.1       PUBLIC        ET0
  B:00A8H.3       PUBLIC        ET1
  B:0088H.5       PUBLIC        TF0
  B:00A8H.5       PUBLIC        ET2
  B:0088H.7       PUBLIC        TF1
  B:00C8H.7       PUBLIC        TF2
  B:0098H.2       PUBLIC        RB8
  D:008CH         PUBLIC        TH0
  D:0038H         PUBLIC        lowpulseoccupancy
  B:00A8H.0       PUBLIC        EX0
  B:0088H.0       PUBLIC        IT0
  D:008DH         PUBLIC        TH1
  B:0098H.3       PUBLIC        TB8
  B:00A8H.2       PUBLIC        EX1
  B:0088H.2       PUBLIC        IT1
  B:00D0H.0       PUBLIC        P
  B:0098H.7       PUBLIC        SM0
  D:008AH         PUBLIC        TL0
  B:0098H.6       PUBLIC        SM1
  D:008BH         PUBLIC        TL1
  B:0098H.5       PUBLIC        SM2
  B:00B8H.1       PUBLIC        PT0
  C:1071H         PUBLIC        timer1
  B:00B8H.3       PUBLIC        PT1
  B:00D0H.3       PUBLIC        RS0
  B:00B8H.5       PUBLIC        PT2
  B:0088H.4       PUBLIC        TR0
  B:00D0H.4       PUBLIC        RS1
  B:0088H.6       PUBLIC        TR1
  B:00C8H.2       PUBLIC        TR2
  B:00B8H.0       PUBLIC        PX0
  B:00B8H.2       PUBLIC        PX1
  C:000AH         PUBLIC        _LCDWriteCom
  B:00C8H.3       PUBLIC        EXEN2
  B:0098H.4       PUBLIC        REN
  D:00C8H         PUBLIC        T2CON
  D:003AH         PUBLIC        i
  C:1044H         PUBLIC        LCDInit
  D:003BH         PUBLIC        duration
  B:00B0H.0       PUBLIC        RXD
  B:00B0H.1       PUBLIC        TXD
  C:1024H         PUBLIC        _delay
  B:00D0H.5       PUBLIC        F0
  C:0019H         PUBLIC        sampletime_ms
  D:00D0H         PUBLIC        PSW
  C:0FDDH         PUBLIC        int1
  -------         PROC          L?0035
  -------         ENDPROC       L?0035
  -------         PROC          _LCDDELAY
  D:0006H         SYMBOL        n
  -------         DO            n
  D:0006H         SYMBOL        x
  D:0004H         SYMBOL        y
BL51 BANKED LINKER/LOCATER V4.13                                                      05/31/2014  10:22:03  PAGE 5


  -------         ENDDO         y
  C:0F96H         LINE#         8
  C:0F96H         LINE#         9
  C:0F96H         LINE#         11
  C:0FA1H         LINE#         12
  C:0FB5H         LINE#         13
  -------         ENDPROC       _LCDDELAY
  -------         PROC          L?0036
  -------         ENDPROC       L?0036
  -------         PROC          _LCDWRITECOM
  D:0007H         SYMBOL        com
  C:000AH         LINE#         15
  C:000AH         LINE#         16
  C:000AH         LINE#         17
  C:000CH         LINE#         18
  C:000CH         LINE#         19
  C:000CH         LINE#         20
  C:000CH         LINE#         21
  C:000FH         LINE#         22
  C:0011H         LINE#         23
  -------         ENDPROC       _LCDWRITECOM
  -------         PROC          _LCDWRITEDATA
  D:0007H         SYMBOL        value
  C:1095H         LINE#         24
  C:1095H         LINE#         25
  C:1095H         LINE#         26
  C:1097H         LINE#         27
  C:1097H         LINE#         28
  C:1097H         LINE#         29
  C:1097H         LINE#         30
  C:109AH         LINE#         31
  C:109CH         LINE#         32
  -------         ENDPROC       _LCDWRITEDATA
  -------         PROC          LCDINIT
  C:1044H         LINE#         34
  C:1044H         LINE#         35
  C:1044H         LINE#         36
  C:1046H         LINE#         37
  C:1048H         LINE#         38
  C:104AH         LINE#         40
  C:104FH         LINE#         41
  C:1054H         LINE#         42
  C:1059H         LINE#         43
  C:1059H         LINE#         44
  -------         ENDPROC       LCDINIT
  -------         PROC          MAIN
  C:0C5AH         LINE#         19
  C:0C5AH         LINE#         20
  C:0C5AH         LINE#         21
  C:0C5DH         LINE#         22
  C:0C60H         LINE#         24
  C:0C60H         LINE#         25
  C:0C60H         LINE#         27
  C:0C6BH         LINE#         28
  C:0C6BH         LINE#         29
  C:0C6DH         LINE#         31
  C:0C72H         LINE#         32
BL51 BANKED LINKER/LOCATER V4.13                                                      05/31/2014  10:22:03  PAGE 6


  C:0C81H         LINE#         33
  C:0CB5H         LINE#         34
  C:0D39H         LINE#         35
  C:0D57H         LINE#         36
  C:0D5CH         LINE#         38
  C:0D5EH         LINE#         40
  C:0D68H         LINE#         41
  C:0D68H         LINE#         42
  C:0D6BH         LINE#         43
  C:0D78H         LINE#         44
  -------         ENDPROC       MAIN
  -------         PROC          _DELAY
  D:0006H         SYMBOL        n
  -------         DO            n
  D:0006H         SYMBOL        x
  D:0004H         SYMBOL        y
  -------         ENDDO         y
  C:1024H         LINE#         50
  C:1024H         LINE#         51
  C:1024H         LINE#         53
  C:102FH         LINE#         54
  C:1043H         LINE#         55
  -------         ENDPROC       _DELAY
  -------         PROC          INIT
  C:1003H         LINE#         57
  C:1003H         LINE#         58
  C:1003H         LINE#         59
  C:1008H         LINE#         61
  C:100BH         LINE#         62
  C:100DH         LINE#         63
  C:100FH         LINE#         64
  C:1011H         LINE#         65
  C:1014H         LINE#         66
  C:1017H         LINE#         67
  C:1019H         LINE#         69
  C:101BH         LINE#         70
  C:101DH         LINE#         71
  C:101FH         LINE#         72
  C:1021H         LINE#         73
  C:1023H         LINE#         76
  -------         ENDPROC       INIT
  -------         PROC          INT1
  C:0FDDH         LINE#         78
  C:0FE4H         LINE#         80
  C:0FE6H         LINE#         81
  C:0FE9H         LINE#         83
  C:0FECH         LINE#         84
  C:0FF9H         LINE#         85
  C:0FFBH         LINE#         86
  C:0FFEH         LINE#         87
  -------         ENDPROC       INT1
  -------         PROC          TIMER1
  C:1071H         LINE#         89
  C:1073H         LINE#         91
  C:107BH         LINE#         92
  C:107EH         LINE#         93
  C:1081H         LINE#         100
BL51 BANKED LINKER/LOCATER V4.13                                                      05/31/2014  10:22:03  PAGE 7


  -------         ENDPROC       TIMER1
  -------         ENDMOD        TEST

  -------         MODULE        ?C?FPADD
  C:0025H         PUBLIC        ?C?FPADD
  C:0021H         PUBLIC        ?C?FPSUB
  -------         ENDMOD        ?C?FPADD

  -------         MODULE        ?C?FPMUL
  C:0116H         PUBLIC        ?C?FPMUL
  -------         ENDMOD        ?C?FPMUL

  -------         MODULE        ?C?FPDIV
  C:021FH         PUBLIC        ?C?FPDIV
  -------         ENDMOD        ?C?FPDIV

  -------         MODULE        ?C?FCAST
  C:02C6H         PUBLIC        ?C?FCASTC
  C:02C1H         PUBLIC        ?C?FCASTI
  C:02BCH         PUBLIC        ?C?FCASTL
  -------         ENDMOD        ?C?FCAST

  -------         MODULE        PRINTF
  D:003FH         PUBLIC        ?_PRINTF?BYTE
  D:003FH         PUBLIC        ?_SPRINTF?BYTE
  C:0718H         PUBLIC        _PRINTF
  C:0712H         PUBLIC        _SPRINTF
  -------         ENDMOD        PRINTF

  -------         MODULE        POW
  D:003FH         PUBLIC        ?_pow?BYTE
  C:0D86H         PUBLIC        _pow
  -------         ENDMOD        POW

  -------         MODULE        ?C?FPCMP
  C:0346H         PUBLIC        ?C?FPCMP
  C:0344H         PUBLIC        ?C?FPCMP3
  -------         ENDMOD        ?C?FPCMP

  -------         MODULE        ?C?FPNEG
  C:03B1H         PUBLIC        ?C?FPNEG
  -------         ENDMOD        ?C?FPNEG

  -------         MODULE        ?C?CASTF
  C:03C2H         PUBLIC        ?C?CASTF
  -------         ENDMOD        ?C?CASTF

  -------         MODULE        ?C?FPROUND
  C:03F9H         PUBLIC        ?C?FPROUND
  -------         ENDMOD        ?C?FPROUND

  -------         MODULE        ?C?FPCONVERT
  C:0428H         PUBLIC        ?C?FPCONVERT
  -------         ENDMOD        ?C?FPCONVERT

  -------         MODULE        EXP
  C:0E99H         PUBLIC        _EXP
BL51 BANKED LINKER/LOCATER V4.13                                                      05/31/2014  10:22:03  PAGE 8


  -------         ENDMOD        EXP

  -------         MODULE        LOG
  C:0B59H         PUBLIC        _LOG
  C:0B55H         PUBLIC        _LOG10
  -------         ENDMOD        LOG

  -------         MODULE        ?C?FTNPWR
  C:055BH         PUBLIC        ?C?FTNPWR
  -------         ENDMOD        ?C?FTNPWR

  -------         MODULE        ?C?CLDPTR
  C:05E8H         PUBLIC        ?C?CLDPTR
  -------         ENDMOD        ?C?CLDPTR

  -------         MODULE        ?C?CLDOPTR
  C:0601H         PUBLIC        ?C?CLDOPTR
  -------         ENDMOD        ?C?CLDOPTR

  -------         MODULE        ?C?CSTPTR
  C:062EH         PUBLIC        ?C?CSTPTR
  -------         ENDMOD        ?C?CSTPTR

  -------         MODULE        ?C?IMUL
  C:0640H         PUBLIC        ?C?IMUL
  -------         ENDMOD        ?C?IMUL

  -------         MODULE        ?C?LNEG
  C:0652H         PUBLIC        ?C?LNEG
  -------         ENDMOD        ?C?LNEG

  -------         MODULE        ?C?LLDCODE
  C:0660H         PUBLIC        ?C?LLDCODE
  -------         ENDMOD        ?C?LLDCODE

  -------         MODULE        ?C?LLDCODE0
  C:0670H         PUBLIC        ?C?LLDCODE0
  -------         ENDMOD        ?C?LLDCODE0

  -------         MODULE        ?C?PLDIIDATA
  C:0680H         PUBLIC        ?C?PLDIIDATA
  -------         ENDMOD        ?C?PLDIIDATA

  -------         MODULE        ?C?CCASE
  C:0690H         PUBLIC        ?C?CCASE
  -------         ENDMOD        ?C?CCASE

  -------         MODULE        PUTCHAR
  C:0FB6H         PUBLIC        _PUTCHAR
  -------         ENDMOD        PUTCHAR

  -------         MODULE        STRLEN
  C:105CH         PUBLIC        _STRLEN
  -------         ENDMOD        STRLEN

*** WARNING L16: UNCALLED SEGMENT, IGNORED FOR OVERLAY PROCESS
    SEGMENT: ?PR?_DELAY?TEST
BL51 BANKED LINKER/LOCATER V4.13                                                      05/31/2014  10:22:03  PAGE 9



LINK/LOCATE RUN COMPLETE.  1 WARNING(S),  0 ERROR(S)
